2026-01-06 16:41:35 INFO  DbConnection:15 - Database connection established successfully
2026-01-06 16:41:35 INFO  EmployeeDao:59 - Fetched All employees successfully...
2026-01-06 16:41:35 INFO  EmployeeDao:60 - Connection is closed...
2026-01-06 16:41:43 INFO  DbConnection:15 - Database connection established successfully
2026-01-06 16:41:43 INFO  EmployeeDao:59 - Fetched All employees successfully...
2026-01-06 16:41:43 INFO  EmployeeDao:60 - Connection is closed...
2026-01-06 16:50:01 INFO  DbConnection:15 - Database connection established successfully
2026-01-06 16:50:01 INFO  EmployeeDao:59 - Fetched All employees successfully...
2026-01-06 16:50:01 INFO  EmployeeDao:60 - Connection is closed...
2026-01-06 16:50:06 INFO  DbConnection:15 - Database connection established successfully
2026-01-06 16:50:06 INFO  EmployeeDao:59 - Fetched All employees successfully...
2026-01-06 16:50:06 INFO  EmployeeDao:60 - Connection is closed...
2026-01-06 16:50:18 INFO  DbConnection:15 - Database connection established successfully
2026-01-06 16:50:18 INFO  EmployeeDao:59 - Fetched All employees successfully...
2026-01-06 16:50:18 INFO  EmployeeDao:60 - Connection is closed...
2026-01-06 16:54:12 INFO  DbConnection:15 - Database connection established successfully
2026-01-06 16:54:12 INFO  EmployeeDao:59 - Fetched All employees successfully...
2026-01-06 16:54:12 INFO  EmployeeDao:60 - Connection is closed...
2026-01-06 16:54:28 INFO  DbConnection:15 - Database connection established successfully
2026-01-06 16:54:28 INFO  EmployeeDao:89 - Employee fetch by id successfully...
2026-01-06 16:54:28 INFO  EmployeeDao:90 - Connection is closed...
2026-01-06 16:54:28 INFO  DbConnection:15 - Database connection established successfully
2026-01-06 16:54:28 INFO  EmployeeDao:59 - Fetched All employees successfully...
2026-01-06 16:54:28 INFO  EmployeeDao:60 - Connection is closed...
2026-01-06 16:58:13 INFO  DbConnection:15 - Database connection established successfully
2026-01-06 16:58:13 INFO  EmployeeDao:89 - Employee fetch by id successfully...
2026-01-06 16:58:13 INFO  EmployeeDao:90 - Connection is closed...
2026-01-06 16:58:13 INFO  DbConnection:15 - Database connection established successfully
2026-01-06 16:58:13 INFO  EmployeeDao:59 - Fetched All employees successfully...
2026-01-06 16:58:13 INFO  EmployeeDao:60 - Connection is closed...
2026-01-06 16:58:44 INFO  DbConnection:15 - Database connection established successfully
2026-01-06 16:58:44 INFO  EmployeeDao:89 - Employee fetch by id successfully...
2026-01-06 16:58:44 INFO  EmployeeDao:90 - Connection is closed...
2026-01-06 16:58:44 INFO  DbConnection:15 - Database connection established successfully
2026-01-06 16:58:44 INFO  EmployeeDao:59 - Fetched All employees successfully...
2026-01-06 16:58:44 INFO  EmployeeDao:60 - Connection is closed...
2026-01-06 17:02:36 INFO  DbConnection:15 - Database connection established successfully
2026-01-06 17:02:36 INFO  EmployeeDao:114 - Employee updated successfully...
2026-01-06 17:02:36 INFO  EmployeeDao:115 - Connection is closed...
2026-01-06 17:02:36 INFO  DbConnection:15 - Database connection established successfully
2026-01-06 17:02:36 INFO  EmployeeDao:59 - Fetched All employees successfully...
2026-01-06 17:02:36 INFO  EmployeeDao:60 - Connection is closed...
2026-01-06 17:05:57 INFO  DbConnection:15 - Database connection established successfully
2026-01-06 17:05:57 INFO  EmployeeDao:89 - Employee fetch by id successfully...
2026-01-06 17:05:57 INFO  EmployeeDao:90 - Connection is closed...
2026-01-06 17:05:57 INFO  DbConnection:15 - Database connection established successfully
2026-01-06 17:05:57 INFO  EmployeeDao:59 - Fetched All employees successfully...
2026-01-06 17:05:57 INFO  EmployeeDao:60 - Connection is closed...
2026-01-06 17:06:22 INFO  DbConnection:15 - Database connection established successfully
2026-01-06 17:06:22 INFO  EmployeeDao:114 - Employee updated successfully...
2026-01-06 17:06:22 INFO  EmployeeDao:115 - Connection is closed...
2026-01-06 17:06:22 INFO  DbConnection:15 - Database connection established successfully
2026-01-06 17:06:22 INFO  EmployeeDao:59 - Fetched All employees successfully...
2026-01-06 17:06:22 INFO  EmployeeDao:60 - Connection is closed...
2026-01-07 12:54:19 INFO  DbConnection:15 - Database connection established successfully
2026-01-07 12:54:20 INFO  EmployeeDao:59 - Fetched All employees successfully...
2026-01-07 12:54:20 INFO  EmployeeDao:60 - Connection is closed...
2026-01-07 12:55:04 INFO  DbConnection:15 - Database connection established successfully
2026-01-07 12:55:04 INFO  EmployeeDao:89 - Employee fetch by id successfully...
2026-01-07 12:55:04 INFO  EmployeeDao:90 - Connection is closed...
2026-01-07 12:55:04 INFO  DbConnection:15 - Database connection established successfully
2026-01-07 12:55:04 INFO  EmployeeDao:59 - Fetched All employees successfully...
2026-01-07 12:55:04 INFO  EmployeeDao:60 - Connection is closed...
2026-01-07 12:55:18 INFO  DbConnection:15 - Database connection established successfully
2026-01-07 12:55:18 INFO  EmployeeDao:114 - Employee updated successfully...
2026-01-07 12:55:18 INFO  EmployeeDao:115 - Connection is closed...
2026-01-07 12:55:18 INFO  DbConnection:15 - Database connection established successfully
2026-01-07 12:55:18 INFO  EmployeeDao:59 - Fetched All employees successfully...
2026-01-07 12:55:18 INFO  EmployeeDao:60 - Connection is closed...
2026-01-07 12:55:27 INFO  DbConnection:15 - Database connection established successfully
2026-01-07 12:55:27 INFO  EmployeeDao:89 - Employee fetch by id successfully...
2026-01-07 12:55:27 INFO  EmployeeDao:90 - Connection is closed...
2026-01-07 12:55:27 INFO  DbConnection:15 - Database connection established successfully
2026-01-07 12:55:27 INFO  EmployeeDao:59 - Fetched All employees successfully...
2026-01-07 12:55:27 INFO  EmployeeDao:60 - Connection is closed...
2026-01-07 12:55:31 INFO  DbConnection:15 - Database connection established successfully
2026-01-07 12:55:31 INFO  EmployeeDao:114 - Employee updated successfully...
2026-01-07 12:55:31 INFO  EmployeeDao:115 - Connection is closed...
2026-01-07 12:55:31 INFO  DbConnection:15 - Database connection established successfully
2026-01-07 12:55:31 INFO  EmployeeDao:59 - Fetched All employees successfully...
2026-01-07 12:55:31 INFO  EmployeeDao:60 - Connection is closed...
2026-01-07 12:56:00 INFO  DbConnection:15 - Database connection established successfully
2026-01-07 12:56:00 INFO  EmployeeDao:59 - Fetched All employees successfully...
2026-01-07 12:56:00 INFO  EmployeeDao:60 - Connection is closed...
2026-01-07 13:48:40 INFO  DbConnection:15 - Database connection established successfully
2026-01-07 13:48:40 INFO  EmployeeDao:59 - Fetched All employees successfully...
2026-01-07 13:48:40 INFO  EmployeeDao:60 - Connection is closed...
2026-01-07 13:50:05 INFO  DbConnection:15 - Database connection established successfully
2026-01-07 13:50:05 INFO  EmployeeDao:59 - Fetched All employees successfully...
2026-01-07 13:50:05 INFO  EmployeeDao:60 - Connection is closed...
2026-01-07 17:32:49 INFO  DbConnection:15 - Database connection established successfully
2026-01-07 17:32:49 INFO  EmployeeDao:59 - Fetched All employees successfully...
2026-01-07 17:32:49 INFO  EmployeeDao:60 - Connection is closed...
2026-01-07 17:33:31 INFO  DbConnection:15 - Database connection established successfully
2026-01-07 17:33:31 INFO  EmployeeDao:59 - Fetched All employees successfully...
2026-01-07 17:33:31 INFO  EmployeeDao:60 - Connection is closed...
2026-01-07 17:33:45 INFO  DbConnection:15 - Database connection established successfully
2026-01-07 17:33:45 INFO  EmployeeDao:59 - Fetched All employees successfully...
2026-01-07 17:33:45 INFO  EmployeeDao:60 - Connection is closed...
2026-01-07 17:34:15 INFO  DbConnection:15 - Database connection established successfully
2026-01-07 17:34:15 INFO  EmployeeDao:59 - Fetched All employees successfully...
2026-01-07 17:34:15 INFO  EmployeeDao:60 - Connection is closed...
2026-01-07 17:34:28 INFO  DbConnection:15 - Database connection established successfully
2026-01-07 17:34:28 INFO  EmployeeDao:59 - Fetched All employees successfully...
2026-01-07 17:34:28 INFO  EmployeeDao:60 - Connection is closed...
2026-01-07 17:34:28 ERROR GetAllEmployeeServlet:29 - Unexcepted error occred in GetAllEmployeeServlet
2026-01-07 17:34:38 INFO  DbConnection:15 - Database connection established successfully
2026-01-07 17:34:38 INFO  EmployeeDao:59 - Fetched All employees successfully...
2026-01-07 17:34:38 INFO  EmployeeDao:60 - Connection is closed...
2026-01-07 17:34:38 ERROR GetAllEmployeeServlet:29 - Unexcepted error occred in GetAllEmployeeServlet
2026-01-07 17:35:32 INFO  DbConnection:15 - Database connection established successfully
2026-01-07 17:35:32 INFO  EmployeeDao:59 - Fetched All employees successfully...
2026-01-07 17:35:32 INFO  EmployeeDao:60 - Connection is closed...
2026-01-07 17:43:16 INFO  DbConnection:15 - Database connection established successfully
2026-01-07 17:43:16 INFO  EmployeeDao:59 - Fetched All employees successfully...
2026-01-07 17:43:16 INFO  EmployeeDao:60 - Connection is closed...
2026-01-07 17:44:56 INFO  DbConnection:15 - Database connection established successfully
2026-01-07 17:44:56 INFO  EmployeeDao:59 - Fetched All employees successfully...
2026-01-07 17:44:56 INFO  EmployeeDao:60 - Connection is closed...
2026-01-07 18:01:25 INFO  DbConnection:15 - Database connection established successfully
2026-01-07 18:01:25 INFO  EmployeeDao:59 - Fetched All employees successfully...
2026-01-07 18:01:25 INFO  EmployeeDao:60 - Connection is closed...
2026-01-07 18:03:28 INFO  DbConnection:15 - Database connection established successfully
2026-01-07 18:03:28 INFO  EmployeeDao:59 - Fetched All employees successfully...
2026-01-07 18:03:28 INFO  EmployeeDao:60 - Connection is closed...
2026-01-07 18:04:46 INFO  DbConnection:15 - Database connection established successfully
2026-01-07 18:04:46 INFO  EmployeeDao:59 - Fetched All employees successfully...
2026-01-07 18:04:46 INFO  EmployeeDao:60 - Connection is closed...
2026-01-07 18:06:12 INFO  DbConnection:15 - Database connection established successfully
2026-01-07 18:06:12 INFO  EmployeeDao:29 - Employee inserted successfully...
2026-01-07 18:06:12 INFO  EmployeeDao:30 - Connection is closed...
2026-01-07 18:06:12 INFO  DbConnection:15 - Database connection established successfully
2026-01-07 18:06:12 INFO  EmployeeDao:59 - Fetched All employees successfully...
2026-01-07 18:06:12 INFO  EmployeeDao:60 - Connection is closed...
2026-01-07 18:06:16 INFO  DbConnection:15 - Database connection established successfully
2026-01-07 18:06:16 INFO  EmployeeDao:89 - Employee fetch by id successfully...
2026-01-07 18:06:16 INFO  EmployeeDao:90 - Connection is closed...
2026-01-07 18:06:16 INFO  DbConnection:15 - Database connection established successfully
2026-01-07 18:06:16 INFO  EmployeeDao:59 - Fetched All employees successfully...
2026-01-07 18:06:16 INFO  EmployeeDao:60 - Connection is closed...
2026-01-07 18:06:18 INFO  DbConnection:15 - Database connection established successfully
2026-01-07 18:06:18 INFO  EmployeeDao:114 - Employee updated successfully...
2026-01-07 18:06:18 INFO  EmployeeDao:115 - Connection is closed...
2026-01-07 18:06:18 INFO  DbConnection:15 - Database connection established successfully
2026-01-07 18:06:18 INFO  EmployeeDao:59 - Fetched All employees successfully...
2026-01-07 18:06:18 INFO  EmployeeDao:60 - Connection is closed...
2026-01-07 18:18:12 INFO  DbConnection:15 - Database connection established successfully
2026-01-07 18:18:12 INFO  EmployeeDao:59 - Fetched All employees successfully...
2026-01-07 18:18:12 INFO  EmployeeDao:60 - Connection is closed...
2026-01-07 18:18:32 INFO  DbConnection:15 - Database connection established successfully
2026-01-07 18:18:32 INFO  EmployeeDao:59 - Fetched All employees successfully...
2026-01-07 18:18:32 INFO  EmployeeDao:60 - Connection is closed...
2026-01-07 18:19:03 INFO  DbConnection:15 - Database connection established successfully
2026-01-07 18:19:03 INFO  EmployeeDao:59 - Fetched All employees successfully...
2026-01-07 18:19:03 INFO  EmployeeDao:60 - Connection is closed...
